\BOOKMARK [1][-]{section.1}{\376\377\133\236\232\214\230\230\166\356}{}% 1
\BOOKMARK [1][-]{section.2}{\376\377\166\356\166\204\211\201\154\102}{}% 2
\BOOKMARK [1][-]{section.3}{\376\377\116\352\126\150\165\050\121\167}{}% 3
\BOOKMARK [1][-]{section.4}{\376\377\133\236\232\214\123\237\164\006}{}% 4
\BOOKMARK [2][-]{subsection.4.1}{\376\377\137\256\154\342\123\125\177\035\210\115\134\004\133\236\232\214\123\237\164\006}{section.4}% 5
\BOOKMARK [2][-]{subsection.4.2}{\376\377\137\256\154\342\123\314\177\035\136\162\155\211\133\236\232\214\123\237\164\006}{section.4}% 6
\BOOKMARK [2][-]{subsection.4.3}{\376\377\217\310\121\113\134\024\220\012\136\162\155\211\133\236\232\214\123\237\164\006}{section.4}% 7
\BOOKMARK [2][-]{subsection.4.4}{\376\377\137\256\154\342\120\117\143\057\133\236\232\214\123\237\164\006}{section.4}% 8
\BOOKMARK [2][-]{subsection.4.5}{\376\377\137\256\154\342\136\003\142\311\150\074\210\115\134\004\133\236\232\214\123\237\164\006}{section.4}% 9
\BOOKMARK [1][-]{section.5}{\376\377\133\236\232\214\121\205\133\271}{}% 10
\BOOKMARK [2][-]{subsection.5.1}{\376\377\137\256\154\342\123\125\177\035\136\162\155\211}{section.5}% 11
\BOOKMARK [2][-]{subsection.5.2}{\376\377\137\256\154\342\166\204\123\314\177\035\136\162\155\211}{section.5}% 12
\BOOKMARK [2][-]{subsection.5.3}{\376\377\217\310\121\113\134\024\220\012\136\162\155\211\133\236\232\214}{section.5}% 13
\BOOKMARK [2][-]{subsection.5.4}{\376\377\137\256\154\342\120\117\143\057\133\236\232\214}{section.5}% 14
\BOOKMARK [2][-]{subsection.5.5}{\376\377\136\003\142\311\150\074\210\115\134\004}{section.5}% 15
\BOOKMARK [1][-]{section.6}{\376\377\145\160\143\156\210\150\150\074}{}% 16
\BOOKMARK [2][-]{subsection.6.1}{\376\377\137\256\154\342\123\125\177\035\210\115\134\004\133\236\232\214}{section.6}% 17
\BOOKMARK [2][-]{subsection.6.2}{\376\377\123\314\177\035\136\162\155\211\133\236\232\214}{section.6}% 18
\BOOKMARK [2][-]{subsection.6.3}{\376\377\137\256\154\342\217\310\121\113\134\024\220\012\136\162\155\211\133\236\232\214}{section.6}% 19
\BOOKMARK [2][-]{subsection.6.4}{\376\377\137\256\154\342\136\003\142\311\150\074\210\115\134\004\133\236\232\214}{section.6}% 20
\BOOKMARK [2][-]{subsection.6.5}{\376\377\137\256\154\342\166\204\120\117\143\057\133\236\232\214}{section.6}% 21
\BOOKMARK [1][-]{section.7}{\376\377\145\160\143\156\131\004\164\006\123\312\176\323\147\234}{}% 22
\BOOKMARK [1][-]{section.8}{\376\377\140\035\200\003\116\016\213\250\213\272}{}% 23
