\BOOKMARK [1][-]{section.1}{\376\377\226\077\215\035\142\020\120\317\116\016\127\372\147\054\172\172\225\364\156\344\154\342}{}% 1
\BOOKMARK [2][-]{subsection.1.1}{\376\377\133\236\232\214\123\237\164\006}{section.1}% 2
\BOOKMARK [2][-]{subsection.1.2}{\376\377\133\236\232\214\116\352\126\150\124\214\165\050\121\167}{section.1}% 3
\BOOKMARK [2][-]{subsection.1.3}{\376\377\133\236\232\214\121\205\133\271}{section.1}% 4
\BOOKMARK [2][-]{subsection.1.4}{\376\377\133\236\232\214\145\110\147\234}{section.1}% 5
\BOOKMARK [1][-]{section.2}{\376\377\121\111\133\146\0004\000F\174\373\176\337\142\020\120\317}{}% 6
\BOOKMARK [2][-]{subsection.2.1}{\376\377\133\236\232\214\123\237\164\006}{section.2}% 7
\BOOKMARK [2][-]{subsection.2.2}{\376\377\133\236\232\214\116\352\126\150\124\214\165\050\121\167}{section.2}% 8
\BOOKMARK [2][-]{subsection.2.3}{\376\377\133\236\232\214\121\205\133\271}{section.2}% 9
\BOOKMARK [2][-]{subsection.2.4}{\376\377\133\236\232\214\145\110\147\234}{section.2}% 10
\BOOKMARK [1][-]{section.3}{\376\377\120\107\137\151\202\162\177\026\170\001}{}% 11
\BOOKMARK [2][-]{subsection.3.1}{\376\377\133\236\232\214\123\237\164\006}{section.3}% 12
\BOOKMARK [2][-]{subsection.3.2}{\376\377\133\236\232\214\116\352\126\150\124\214\165\050\121\167}{section.3}% 13
\BOOKMARK [2][-]{subsection.3.3}{\376\377\133\236\232\214\121\205\133\271}{section.3}% 14
\BOOKMARK [2][-]{subsection.3.4}{\376\377\133\236\232\214\145\110\147\234}{section.3}% 15
\BOOKMARK [1][-]{section.4}{\376\377\210\115\134\004\133\236\232\214}{}% 16
\BOOKMARK [2][-]{subsection.4.1}{\376\377\133\236\232\214\116\352\126\150\124\214\165\050\121\167}{section.4}% 17
\BOOKMARK [2][-]{subsection.4.2}{\376\377\133\236\232\214\121\205\133\271}{section.4}% 18
\BOOKMARK [2][-]{subsection.4.3}{\376\377\133\236\232\214\145\110\147\234}{section.4}% 19
\BOOKMARK [1][-]{section.5}{\376\377\133\236\232\214\140\073\176\323\116\016\140\035\200\003\230\230}{}% 20
\BOOKMARK [2][-]{subsection.5.1}{\376\377\140\035\200\003\230\230\211\343\173\124}{section.5}% 21
\BOOKMARK [2][-]{subsection.5.2}{\376\377\123\315\140\035\116\016\145\071\217\333}{section.5}% 22
